test_empty: true
test_not_empty: true
test_filter: 2
