unknown: test/unknown.txt: No such file or directory
supplied: one
not supplied: test
